#-----------------------------------------------------------
# Vivado v2018.3 (64-bit)
# SW Build 2405991 on Thu Dec  6 23:38:27 MST 2018
# IP Build 2404404 on Fri Dec  7 01:43:56 MST 2018
# Start of session at: Thu Jan 30 16:50:27 2025
# Process ID: 15940
# Current directory: D:/zynq_tdc/tdc_system_prj
# Command line: vivado.exe -gui_launcher_event rodinguilauncherevent21096 D:\zynq_tdc\tdc_system_prj\tdc_system_prj.xpr
# Log file: D:/zynq_tdc/tdc_system_prj/vivado.log
# Journal file: D:/zynq_tdc/tdc_system_prj\vivado.jou
#-----------------------------------------------------------
start_gui
open_project D:/zynq_tdc/tdc_system_prj/tdc_system_prj.xpr
update_compile_order -fileset sources_1
launch_sdk -workspace D:/zynq_tdc/tdc_system_prj/tdc_system_prj.sdk -hwspec D:/zynq_tdc/tdc_system_prj/tdc_system_prj.sdk/zynq_blk_wrapper.hdf
file copy -force D:/zynq_tdc/tdc_system_prj/tdc_system_prj.runs/impl_1/zynq_blk_wrapper.sysdef D:/zynq_tdc/tdc_system_prj/tdc_system_prj.sdk/zynq_blk_wrapper.hdf

